\BOOKMARK [0][-]{chapter*.1}{\376\377\000T\000a\000b\000l\000e\000\040\000o\000f\000\040\000C\000o\000n\000t\000e\000n\000t\000s}{}% 1
\BOOKMARK [0][-]{chapter*.2}{\376\377\000L\000i\000s\000t\000\040\000o\000f\000\040\000F\000i\000g\000u\000r\000e\000s}{}% 2
\BOOKMARK [0][-]{chapter*.3}{\376\377\000L\000i\000s\000t\000\040\000o\000f\000\040\000T\000a\000b\000l\000e\000s}{}% 3
\BOOKMARK [1][-]{section.0.1}{\376\377\000I\000n\000t\000r\000o\000d\000u\000c\000t\000i\000o\000n}{chapter*.3}% 4
\BOOKMARK [1][-]{section.0.2}{\376\377\000A\000p\000p\000l\000i\000c\000a\000t\000i\000o\000n\000\040\000D\000e\000s\000c\000r\000i\000p\000t\000i\000o\000n}{chapter*.3}% 5
\BOOKMARK [2][-]{subsection.0.2.1}{\376\377\000R\000e\000s\000e\000a\000r\000c\000h\000\040\000r\000e\000l\000a\000t\000e\000d\000\040\000a\000p\000p\000l\000i\000c\000a\000t\000i\000o\000n\000s\000/\000s\000y\000s\000t\000e\000m\000s}{section.0.2}% 6
\BOOKMARK [2][-]{subsection.0.2.2}{\376\377\000D\000e\000s\000c\000r\000i\000p\000t\000i\000o\000n\000\040\000o\000f\000\040\000t\000h\000e\000\040\000P\000r\000o\000p\000o\000s\000e\000d\000\040\000S\000y\000s\000t\000e\000m}{section.0.2}% 7
\BOOKMARK [3][-]{subsubsection.0.2.2.1}{\376\377\000G\000e\000n\000e\000r\000a\000l\000\040\000D\000e\000s\000c\000r\000i\000p\000t\000i\000o\000n}{subsection.0.2.2}% 8
\BOOKMARK [3][-]{subsubsection.0.2.2.2}{\376\377\000D\000e\000t\000a\000i\000l\000e\000d\000\040\000D\000e\000s\000c\000r\000i\000p\000t\000i\000o\000n\000\040\000o\000f\000\040\000E\000n\000t\000i\000t\000y\000\040\000T\000y\000p\000e\000s\000,\000\040\000A\000t\000t\000r\000i\000b\000u\000t\000e\000s\000\040\000a\000n\000d\000\040\000R\000e\000l\000a\000t\000i\000o\000n\000s\000h\000i\000p\000s}{subsection.0.2.2}% 9
\BOOKMARK [1][-]{section.0.3}{\376\377\000D\000e\000s\000c\000r\000i\000p\000t\000i\000o\000n\000\040\000o\000f\000\040\000S\000e\000m\000a\000n\000t\000i\000c\000\040\000C\000o\000n\000s\000t\000r\000a\000i\000n\000t\000s}{chapter*.3}% 10
\BOOKMARK [2][-]{subsection.0.3.1}{\376\377\000A\000C\000C\000O\000U\000N\000T}{section.0.3}% 11
\BOOKMARK [2][-]{subsection.0.3.2}{\376\377\000C\000U\000S\000T\000O\000M\000E\000R}{section.0.3}% 12
\BOOKMARK [2][-]{subsection.0.3.3}{\376\377\000S\000H\000O\000P}{section.0.3}% 13
\BOOKMARK [2][-]{subsection.0.3.4}{\376\377\000A\000D\000M\000I\000N}{section.0.3}% 14
\BOOKMARK [2][-]{subsection.0.3.5}{\376\377\000C\000A\000T\000E\000G\000O\000R\000Y}{section.0.3}% 15
\BOOKMARK [2][-]{subsection.0.3.6}{\376\377\000P\000R\000O\000D\000U\000C\000T}{section.0.3}% 16
\BOOKMARK [2][-]{subsection.0.3.7}{\376\377\000P\000R\000O\000D\000U\000C\000T\000I\000T\000E\000M}{section.0.3}% 17
\BOOKMARK [2][-]{subsection.0.3.8}{\376\377\000C\000A\000R\000T}{section.0.3}% 18
\BOOKMARK [2][-]{subsection.0.3.9}{\376\377\000O\000R\000D\000E\000R}{section.0.3}% 19
\BOOKMARK [2][-]{subsection.0.3.10}{\376\377\000O\000R\000D\000E\000R\000I\000T\000E\000M}{section.0.3}% 20
\BOOKMARK [2][-]{subsection.0.3.11}{\376\377\000V\000O\000U\000C\000H\000E\000R}{section.0.3}% 21
\BOOKMARK [2][-]{subsection.0.3.12}{\376\377\000S\000H\000I\000P\000P\000I\000N\000G}{section.0.3}% 22
\BOOKMARK [2][-]{subsection.0.3.13}{\376\377\000R\000E\000V\000I\000E\000W}{section.0.3}% 23
\BOOKMARK [1][-]{section.0.4}{\376\377\000E\000n\000t\000i\000t\000y\000\040\000R\000e\000l\000a\000t\000i\000o\000n\000s\000h\000i\000p\000\040\000D\000i\000a\000g\000r\000a\000m\000\040\000\050\000E\000R\000D\000\051}{chapter*.3}% 24
\BOOKMARK [1][-]{section.0.5}{\376\377\000R\000e\000l\000a\000t\000i\000o\000n\000a\000l\000\040\000D\000a\000t\000a\000b\000a\000s\000e\000\040\000S\000c\000h\000e\000m\000a}{chapter*.3}% 25
\BOOKMARK [2][-]{subsection.0.5.1}{\376\377\000M\000a\000p\000p\000i\000n\000g\000\040\000D\000i\000a\000g\000r\000a\000m}{section.0.5}% 26
\BOOKMARK [2][-]{subsection.0.5.2}{\376\377\000R\000e\000l\000a\000t\000i\000o\000n\000a\000l\000\040\000D\000a\000t\000a\000b\000a\000s\000e\000\040\000S\000c\000h\000e\000m\000a\000\040\000D\000e\000s\000c\000r\000i\000p\000t\000i\000o\000n}{section.0.5}% 27
\BOOKMARK [1][-]{section.0.6}{\376\377\000S\000e\000l\000e\000c\000t\000e\000d\000\040\000T\000e\000c\000h\000n\000o\000l\000o\000g\000y}{chapter*.3}% 28
\BOOKMARK [2][-]{subsection.0.6.1}{\376\377\000T\000e\000c\000h\000n\000o\000l\000o\000g\000y\000\040\000S\000t\000a\000c\000k}{section.0.6}% 29
\BOOKMARK [3][-]{subsubsection.0.6.1.1}{\376\377\000D\000a\000t\000a\000b\000a\000s\000e\000\040\000M\000a\000n\000a\000g\000e\000m\000e\000n\000t\000\040\000S\000y\000s\000t\000e\000m}{subsection.0.6.1}% 30
\BOOKMARK [3][-]{subsubsection.0.6.1.2}{\376\377\000B\000a\000c\000k\000e\000n\000d\000\040\000F\000r\000a\000m\000e\000w\000o\000r\000k}{subsection.0.6.1}% 31
\BOOKMARK [3][-]{subsubsection.0.6.1.3}{\376\377\000F\000r\000o\000n\000t\000e\000n\000d\000\040\000F\000r\000a\000m\000e\000w\000o\000r\000k}{subsection.0.6.1}% 32
\BOOKMARK [3][-]{subsubsection.0.6.1.4}{\376\377\000A\000u\000t\000h\000e\000n\000t\000i\000c\000a\000t\000i\000o\000n}{subsection.0.6.1}% 33
\BOOKMARK [1][-]{section.0.7}{\376\377\000D\000a\000t\000a\000b\000a\000s\000e\000\040\000I\000m\000p\000l\000e\000m\000e\000n\000t\000a\000t\000i\000o\000n}{chapter*.3}% 34
\BOOKMARK [2][-]{subsection.0.7.1}{\376\377\000A\000c\000c\000o\000u\000n\000t\000\040\000M\000a\000n\000a\000g\000e\000m\000e\000n\000t}{section.0.7}% 35
\BOOKMARK [3][-]{subsubsection.0.7.1.1}{\376\377\000A\000C\000C\000O\000U\000N\000T\000\040\000T\000a\000b\000l\000e}{subsection.0.7.1}% 36
\BOOKMARK [3][-]{subsubsection.0.7.1.2}{\376\377\000C\000U\000S\000T\000O\000M\000E\000R\000\040\000T\000a\000b\000l\000e}{subsection.0.7.1}% 37
\BOOKMARK [3][-]{subsubsection.0.7.1.3}{\376\377\000S\000H\000O\000P\000\040\000T\000a\000b\000l\000e}{subsection.0.7.1}% 38
\BOOKMARK [3][-]{subsubsection.0.7.1.4}{\376\377\000A\000D\000M\000I\000N\000\040\000T\000a\000b\000l\000e}{subsection.0.7.1}% 39
\BOOKMARK [2][-]{subsection.0.7.2}{\376\377\000P\000r\000o\000d\000u\000c\000t\000\040\000C\000a\000t\000a\000l\000o\000g}{section.0.7}% 40
\BOOKMARK [3][-]{subsubsection.0.7.2.1}{\376\377\000C\000A\000T\000E\000G\000O\000R\000Y\000\040\000T\000a\000b\000l\000e}{subsection.0.7.2}% 41
\BOOKMARK [3][-]{subsubsection.0.7.2.2}{\376\377\000P\000R\000O\000D\000U\000C\000T\000\040\000T\000a\000b\000l\000e}{subsection.0.7.2}% 42
\BOOKMARK [3][-]{subsubsection.0.7.2.3}{\376\377\000P\000R\000O\000D\000U\000C\000T\000I\000T\000E\000M\000\040\000T\000a\000b\000l\000e}{subsection.0.7.2}% 43
\BOOKMARK [2][-]{subsection.0.7.3}{\376\377\000S\000h\000o\000p\000p\000i\000n\000g\000\040\000C\000a\000r\000t}{section.0.7}% 44
\BOOKMARK [3][-]{subsubsection.0.7.3.1}{\376\377\000C\000A\000R\000T\000\040\000T\000a\000b\000l\000e}{subsection.0.7.3}% 45
\BOOKMARK [3][-]{subsubsection.0.7.3.2}{\376\377\000C\000A\000R\000T\000I\000T\000E\000M\000\040\000T\000a\000b\000l\000e}{subsection.0.7.3}% 46
\BOOKMARK [2][-]{subsection.0.7.4}{\376\377\000O\000r\000d\000e\000r\000s\000\040\000a\000n\000d\000\040\000I\000t\000e\000m\000s}{section.0.7}% 47
\BOOKMARK [3][-]{subsubsection.0.7.4.1}{\376\377\000O\000R\000D\000E\000R\000\040\000T\000a\000b\000l\000e}{subsection.0.7.4}% 48
\BOOKMARK [3][-]{subsubsection.0.7.4.2}{\376\377\000O\000R\000D\000E\000R\000I\000T\000E\000M\000\040\000T\000a\000b\000l\000e}{subsection.0.7.4}% 49
\BOOKMARK [2][-]{subsection.0.7.5}{\376\377\000P\000r\000o\000m\000o\000t\000i\000o\000n\000s}{section.0.7}% 50
\BOOKMARK [3][-]{subsubsection.0.7.5.1}{\376\377\000V\000O\000U\000C\000H\000E\000R\000\040\000T\000a\000b\000l\000e}{subsection.0.7.5}% 51
\BOOKMARK [2][-]{subsection.0.7.6}{\376\377\000S\000h\000i\000p\000p\000i\000n\000g}{section.0.7}% 52
\BOOKMARK [3][-]{subsubsection.0.7.6.1}{\376\377\000S\000H\000I\000P\000P\000I\000N\000G\000\040\000T\000a\000b\000l\000e}{subsection.0.7.6}% 53
\BOOKMARK [2][-]{subsection.0.7.7}{\376\377\000R\000e\000v\000i\000e\000w\000s\000\040\000a\000n\000d\000\040\000F\000e\000e\000d\000b\000a\000c\000k}{section.0.7}% 54
\BOOKMARK [3][-]{subsubsection.0.7.7.1}{\376\377\000R\000E\000V\000I\000E\000W\000\040\000T\000a\000b\000l\000e}{subsection.0.7.7}% 55
\BOOKMARK [1][-]{section.0.8}{\376\377\000S\000a\000m\000p\000l\000e\000\040\000D\000a\000t\000a\000\040\000I\000n\000s\000e\000r\000t\000i\000o\000n}{chapter*.3}% 56
\BOOKMARK [2][-]{subsection.0.8.1}{\376\377\000A\000c\000c\000o\000u\000n\000t\000\040\000D\000a\000t\000a}{section.0.8}% 57
\BOOKMARK [2][-]{subsection.0.8.2}{\376\377\000C\000u\000s\000t\000o\000m\000e\000r\000\040\000D\000a\000t\000a}{section.0.8}% 58
\BOOKMARK [2][-]{subsection.0.8.3}{\376\377\000S\000h\000o\000p\000\040\000D\000a\000t\000a}{section.0.8}% 59
\BOOKMARK [2][-]{subsection.0.8.4}{\376\377\000C\000a\000t\000e\000g\000o\000r\000y\000\040\000D\000a\000t\000a}{section.0.8}% 60
\BOOKMARK [2][-]{subsection.0.8.5}{\376\377\000P\000r\000o\000d\000u\000c\000t\000\040\000a\000n\000d\000\040\000P\000r\000o\000d\000u\000c\000t\000I\000t\000e\000m\000\040\000D\000a\000t\000a}{section.0.8}% 61
\BOOKMARK [2][-]{subsection.0.8.6}{\376\377\000S\000h\000i\000p\000p\000i\000n\000g\000\040\000a\000n\000d\000\040\000V\000o\000u\000c\000h\000e\000r\000\040\000D\000a\000t\000a}{section.0.8}% 62
\BOOKMARK [2][-]{subsection.0.8.7}{\376\377\000O\000r\000d\000e\000r\000\040\000T\000r\000a\000n\000s\000a\000c\000t\000i\000o\000n\000\040\000D\000a\000t\000a}{section.0.8}% 63
\BOOKMARK [2][-]{subsection.0.8.8}{\376\377\000R\000e\000v\000i\000e\000w\000\040\000D\000a\000t\000a}{section.0.8}% 64
\BOOKMARK [1][-]{section.0.9}{\376\377\000F\000u\000n\000c\000t\000i\000o\000n\000s\000\040\000a\000n\000d\000\040\000P\000r\000o\000c\000e\000d\000u\000r\000e\000s}{chapter*.3}% 65
\BOOKMARK [2][-]{subsection.0.9.1}{\376\377\000A\000c\000c\000o\000u\000n\000t\000\040\000M\000a\000n\000a\000g\000e\000m\000e\000n\000t\000\040\000F\000u\000n\000c\000t\000i\000o\000n\000s}{section.0.9}% 66
\BOOKMARK [3][-]{subsubsection.0.9.1.1}{\376\377\000F\000u\000n\000c\000t\000i\000o\000n\000:\000\040\000C\000a\000l\000c\000u\000l\000a\000t\000e\000\040\000C\000u\000s\000t\000o\000m\000e\000r\000\040\000T\000o\000t\000a\000l\000\040\000S\000p\000e\000n\000t}{subsection.0.9.1}% 67
\BOOKMARK [2][-]{subsection.0.9.2}{\376\377\000S\000h\000o\000p\000\040\000M\000a\000n\000a\000g\000e\000m\000e\000n\000t\000\040\000F\000u\000n\000c\000t\000i\000o\000n\000s}{section.0.9}% 68
\BOOKMARK [3][-]{subsubsection.0.9.2.1}{\376\377\000F\000u\000n\000c\000t\000i\000o\000n\000:\000\040\000C\000a\000l\000c\000u\000l\000a\000t\000e\000\040\000S\000h\000o\000p\000\040\000R\000e\000v\000e\000n\000u\000e}{subsection.0.9.2}% 69
\BOOKMARK [3][-]{subsubsection.0.9.2.2}{\376\377\000F\000u\000n\000c\000t\000i\000o\000n\000:\000\040\000C\000a\000l\000c\000u\000l\000a\000t\000e\000\040\000S\000h\000o\000p\000\040\000R\000a\000t\000i\000n\000g}{subsection.0.9.2}% 70
\BOOKMARK [2][-]{subsection.0.9.3}{\376\377\000P\000r\000o\000d\000u\000c\000t\000\040\000M\000a\000n\000a\000g\000e\000m\000e\000n\000t\000\040\000F\000u\000n\000c\000t\000i\000o\000n\000s}{section.0.9}% 71
\BOOKMARK [3][-]{subsubsection.0.9.3.1}{\376\377\000F\000u\000n\000c\000t\000i\000o\000n\000:\000\040\000C\000a\000l\000c\000u\000l\000a\000t\000e\000\040\000P\000r\000o\000d\000u\000c\000t\000\040\000R\000a\000t\000i\000n\000g}{subsection.0.9.3}% 72
\BOOKMARK [3][-]{subsubsection.0.9.3.2}{\376\377\000F\000u\000n\000c\000t\000i\000o\000n\000:\000\040\000C\000a\000l\000c\000u\000l\000a\000t\000e\000\040\000O\000r\000d\000e\000r\000\040\000T\000o\000t\000a\000l}{subsection.0.9.3}% 73
\BOOKMARK [3][-]{subsubsection.0.9.3.3}{\376\377\000F\000u\000n\000c\000t\000i\000o\000n\000:\000\040\000G\000e\000t\000\040\000O\000r\000d\000e\000r\000\040\000T\000o\000t\000a\000l\000\040\000I\000t\000e\000m\000s\000\040\000w\000i\000t\000h\000\040\000C\000u\000r\000s\000o\000r}{subsection.0.9.3}% 74
\BOOKMARK [2][-]{subsection.0.9.4}{\376\377\000C\000a\000t\000e\000g\000o\000r\000y\000\040\000H\000i\000e\000r\000a\000r\000c\000h\000y\000\040\000P\000r\000o\000c\000e\000d\000u\000r\000e\000s}{section.0.9}% 75
\BOOKMARK [3][-]{subsubsection.0.9.4.1}{\376\377\000P\000r\000o\000c\000e\000d\000u\000r\000e\000:\000\040\000G\000e\000t\000\040\000C\000a\000t\000e\000g\000o\000r\000y\000\040\000H\000i\000e\000r\000a\000r\000c\000h\000y\000\040\000\050\000A\000l\000l\000\040\000L\000e\000v\000e\000l\000s\000\051}{subsection.0.9.4}% 76
\BOOKMARK [3][-]{subsubsection.0.9.4.2}{\376\377\000P\000r\000o\000c\000e\000d\000u\000r\000e\000:\000\040\000G\000e\000t\000\040\000A\000l\000l\000\040\000C\000h\000i\000l\000d\000r\000e\000n\000\040\000o\000f\000\040\000a\000\040\000C\000a\000t\000e\000g\000o\000r\000y}{subsection.0.9.4}% 77
\BOOKMARK [3][-]{subsubsection.0.9.4.3}{\376\377\000P\000r\000o\000c\000e\000d\000u\000r\000e\000:\000\040\000G\000e\000t\000\040\000A\000l\000l\000\040\000P\000a\000r\000e\000n\000t\000s\000\040\000o\000f\000\040\000a\000\040\000C\000a\000t\000e\000g\000o\000r\000y}{subsection.0.9.4}% 78
\BOOKMARK [2][-]{subsection.0.9.5}{\376\377\000O\000r\000d\000e\000r\000\040\000M\000a\000n\000a\000g\000e\000m\000e\000n\000t\000\040\000P\000r\000o\000c\000e\000d\000u\000r\000e\000s}{section.0.9}% 79
\BOOKMARK [3][-]{subsubsection.0.9.5.1}{\376\377\000P\000r\000o\000c\000e\000d\000u\000r\000e\000:\000\040\000C\000r\000e\000a\000t\000e\000\040\000O\000r\000d\000e\000r\000\040\000f\000r\000o\000m\000\040\000C\000a\000r\000t}{subsection.0.9.5}% 80
\BOOKMARK [3][-]{subsubsection.0.9.5.2}{\376\377\000P\000r\000o\000c\000e\000d\000u\000r\000e\000:\000\040\000A\000p\000p\000l\000y\000\040\000V\000o\000u\000c\000h\000e\000r}{subsection.0.9.5}% 81
\BOOKMARK [2][-]{subsection.0.9.6}{\376\377\000S\000h\000o\000p\000\040\000M\000a\000n\000a\000g\000e\000m\000e\000n\000t\000\040\000P\000r\000o\000c\000e\000d\000u\000r\000e\000s}{section.0.9}% 82
\BOOKMARK [3][-]{subsubsection.0.9.6.1}{\376\377\000P\000r\000o\000c\000e\000d\000u\000r\000e\000:\000\040\000G\000e\000t\000\040\000S\000h\000o\000p\000\040\000R\000e\000v\000e\000n\000u\000e\000\040\000R\000e\000p\000o\000r\000t}{subsection.0.9.6}% 83
\BOOKMARK [2][-]{subsection.0.9.7}{\376\377\000P\000r\000o\000d\000u\000c\000t\000\040\000C\000R\000U\000D\000\040\000P\000r\000o\000c\000e\000d\000u\000r\000e\000s}{section.0.9}% 84
\BOOKMARK [3][-]{subsubsection.0.9.7.1}{\376\377\000P\000r\000o\000c\000e\000d\000u\000r\000e\000:\000\040\000A\000d\000d\000\040\000P\000r\000o\000d\000u\000c\000t}{subsection.0.9.7}% 85
\BOOKMARK [3][-]{subsubsection.0.9.7.2}{\376\377\000P\000r\000o\000c\000e\000d\000u\000r\000e\000:\000\040\000U\000p\000d\000a\000t\000e\000\040\000P\000r\000o\000d\000u\000c\000t}{subsection.0.9.7}% 86
\BOOKMARK [3][-]{subsubsection.0.9.7.3}{\376\377\000P\000r\000o\000c\000e\000d\000u\000r\000e\000:\000\040\000D\000e\000l\000e\000t\000e\000\040\000P\000r\000o\000d\000u\000c\000t}{subsection.0.9.7}% 87
\BOOKMARK [3][-]{subsubsection.0.9.7.4}{\376\377\000P\000r\000o\000c\000e\000d\000u\000r\000e\000:\000\040\000A\000d\000d\000\040\000P\000r\000o\000d\000u\000c\000t\000\040\000I\000t\000e\000m\000\040\000\050\000V\000a\000r\000i\000a\000n\000t\000\051}{subsection.0.9.7}% 88
\BOOKMARK [3][-]{subsubsection.0.9.7.5}{\376\377\000P\000r\000o\000c\000e\000d\000u\000r\000e\000:\000\040\000U\000p\000d\000a\000t\000e\000\040\000P\000r\000o\000d\000u\000c\000t\000\040\000I\000t\000e\000m}{subsection.0.9.7}% 89
\BOOKMARK [3][-]{subsubsection.0.9.7.6}{\376\377\000P\000r\000o\000c\000e\000d\000u\000r\000e\000:\000\040\000D\000e\000l\000e\000t\000e\000\040\000P\000r\000o\000d\000u\000c\000t\000\040\000I\000t\000e\000m}{subsection.0.9.7}% 90
\BOOKMARK [2][-]{subsection.0.9.8}{\376\377\000P\000r\000o\000d\000u\000c\000t\000\040\000S\000e\000a\000r\000c\000h\000\040\000P\000r\000o\000c\000e\000d\000u\000r\000e}{section.0.9}% 91
\BOOKMARK [3][-]{subsubsection.0.9.8.1}{\376\377\000P\000r\000o\000c\000e\000d\000u\000r\000e\000:\000\040\000G\000e\000t\000\040\000P\000r\000o\000d\000u\000c\000t\000\040\000L\000i\000s\000t\000\040\000w\000i\000t\000h\000\040\000F\000i\000l\000t\000e\000r\000s}{subsection.0.9.8}% 92
\BOOKMARK [1][-]{section.0.10}{\376\377\000D\000a\000t\000a\000b\000a\000s\000e\000\040\000T\000r\000i\000g\000g\000e\000r\000s}{chapter*.3}% 93
\BOOKMARK [2][-]{subsection.0.10.1}{\376\377\000O\000r\000d\000e\000r\000\040\000M\000a\000n\000a\000g\000e\000m\000e\000n\000t\000\040\000T\000r\000i\000g\000g\000e\000r\000s}{section.0.10}% 94
\BOOKMARK [3][-]{subsubsection.0.10.1.1}{\376\377\000T\000r\000i\000g\000g\000e\000r\000:\000\040\000O\000r\000d\000e\000r\000\040\000I\000t\000e\000m\000\040\000B\000e\000f\000o\000r\000e\000\040\000I\000n\000s\000e\000r\000t}{subsection.0.10.1}% 95
\BOOKMARK [3][-]{subsubsection.0.10.1.2}{\376\377\000T\000r\000i\000g\000g\000e\000r\000:\000\040\000O\000r\000d\000e\000r\000\040\000I\000t\000e\000m\000\040\000A\000f\000t\000e\000r\000\040\000I\000n\000s\000e\000r\000t}{subsection.0.10.1}% 96
\BOOKMARK [3][-]{subsubsection.0.10.1.3}{\376\377\000T\000r\000i\000g\000g\000e\000r\000:\000\040\000O\000r\000d\000e\000r\000\040\000A\000f\000t\000e\000r\000\040\000U\000p\000d\000a\000t\000e\000\040\000\050\000S\000t\000o\000c\000k\000\040\000R\000e\000s\000t\000o\000r\000a\000t\000i\000o\000n\000\051}{subsection.0.10.1}% 97
\BOOKMARK [2][-]{subsection.0.10.2}{\376\377\000R\000e\000v\000i\000e\000w\000\040\000M\000a\000n\000a\000g\000e\000m\000e\000n\000t\000\040\000T\000r\000i\000g\000g\000e\000r\000s}{section.0.10}% 98
\BOOKMARK [3][-]{subsubsection.0.10.2.1}{\376\377\000T\000r\000i\000g\000g\000e\000r\000:\000\040\000R\000e\000v\000i\000e\000w\000\040\000B\000e\000f\000o\000r\000e\000\040\000I\000n\000s\000e\000r\000t\000\040\000\050\000V\000e\000r\000i\000f\000i\000e\000d\000\040\000P\000u\000r\000c\000h\000a\000s\000e\000\051}{subsection.0.10.2}% 99
\BOOKMARK [3][-]{subsubsection.0.10.2.2}{\376\377\000T\000r\000i\000g\000g\000e\000r\000:\000\040\000R\000e\000v\000i\000e\000w\000\040\000A\000f\000t\000e\000r\000\040\000I\000n\000s\000e\000r\000t\000\040\000\050\000R\000a\000t\000i\000n\000g\000\040\000U\000p\000d\000a\000t\000e\000\051}{subsection.0.10.2}% 100
\BOOKMARK [2][-]{subsection.0.10.3}{\376\377\000I\000n\000v\000e\000n\000t\000o\000r\000y\000\040\000M\000a\000n\000a\000g\000e\000m\000e\000n\000t\000\040\000T\000r\000i\000g\000g\000e\000r\000s}{section.0.10}% 101
\BOOKMARK [3][-]{subsubsection.0.10.3.1}{\376\377\000T\000r\000i\000g\000g\000e\000r\000:\000\040\000P\000r\000o\000d\000u\000c\000t\000\040\000I\000t\000e\000m\000\040\000B\000e\000f\000o\000r\000e\000\040\000U\000p\000d\000a\000t\000e}{subsection.0.10.3}% 102
\BOOKMARK [2][-]{subsection.0.10.4}{\376\377\000A\000c\000c\000o\000u\000n\000t\000\040\000M\000a\000n\000a\000g\000e\000m\000e\000n\000t\000\040\000T\000r\000i\000g\000g\000e\000r\000s}{section.0.10}% 103
\BOOKMARK [3][-]{subsubsection.0.10.4.1}{\376\377\000T\000r\000i\000g\000g\000e\000r\000:\000\040\000A\000c\000c\000o\000u\000n\000t\000\040\000A\000f\000t\000e\000r\000\040\000I\000n\000s\000e\000r\000t\000\040\000\050\000S\000u\000b\000c\000l\000a\000s\000s\000\040\000C\000r\000e\000a\000t\000i\000o\000n\000\051}{subsection.0.10.4}% 104
\BOOKMARK [3][-]{subsubsection.0.10.4.2}{\376\377\000T\000r\000i\000g\000g\000e\000r\000:\000\040\000C\000u\000s\000t\000o\000m\000e\000r\000\040\000B\000e\000f\000o\000r\000e\000\040\000I\000n\000s\000e\000r\000t\000\040\000\050\000C\000o\000d\000e\000\040\000G\000e\000n\000e\000r\000a\000t\000i\000o\000n\000\051}{subsection.0.10.4}% 105
\BOOKMARK [3][-]{subsubsection.0.10.4.3}{\376\377\000T\000r\000i\000g\000g\000e\000r\000:\000\040\000S\000h\000o\000p\000\040\000B\000e\000f\000o\000r\000e\000\040\000I\000n\000s\000e\000r\000t\000\040\000\050\000C\000o\000d\000e\000\040\000G\000e\000n\000e\000r\000a\000t\000i\000o\000n\000\051}{subsection.0.10.4}% 106
\BOOKMARK [1][-]{section.0.11}{\376\377\000A\000p\000p\000l\000i\000c\000a\000t\000i\000o\000n\000\040\000D\000e\000m\000o\000\040\000a\000n\000d\000\040\000S\000y\000s\000t\000e\000m\000\040\000W\000o\000r\000k\000f\000l\000o\000w}{chapter*.3}% 107
\BOOKMARK [2][-]{subsection.0.11.1}{\376\377\000S\000y\000s\000t\000e\000m\000\040\000A\000r\000c\000h\000i\000t\000e\000c\000t\000u\000r\000e\000\040\000O\000v\000e\000r\000v\000i\000e\000w}{section.0.11}% 108
\BOOKMARK [3][-]{subsubsection.0.11.1.1}{\376\377\000T\000h\000r\000e\000e\000-\000T\000i\000e\000r\000\040\000A\000r\000c\000h\000i\000t\000e\000c\000t\000u\000r\000e\000\040\000D\000e\000s\000i\000g\000n}{subsection.0.11.1}% 109
\BOOKMARK [2][-]{subsection.0.11.2}{\376\377\000M\000a\000i\000n\000\040\000F\000e\000a\000t\000u\000r\000e\000s\000\040\000D\000e\000m\000o\000n\000s\000t\000r\000a\000t\000i\000o\000n}{section.0.11}% 110
\BOOKMARK [3][-]{subsubsection.0.11.2.1}{\376\377\000F\000e\000a\000t\000u\000r\000e\000\040\0001\000:\000\040\000P\000r\000o\000d\000u\000c\000t\000\040\000S\000e\000a\000r\000c\000h\000\040\000a\000n\000d\000\040\000D\000i\000s\000c\000o\000v\000e\000r\000y}{subsection.0.11.2}% 111
\BOOKMARK [3][-]{subsubsection.0.11.2.2}{\376\377\000F\000e\000a\000t\000u\000r\000e\000\040\0002\000:\000\040\000S\000h\000o\000p\000p\000i\000n\000g\000\040\000C\000a\000r\000t\000\040\000M\000a\000n\000a\000g\000e\000m\000e\000n\000t}{subsection.0.11.2}% 112
\BOOKMARK [3][-]{subsubsection.0.11.2.3}{\376\377\000F\000e\000a\000t\000u\000r\000e\000\040\0003\000:\000\040\000O\000r\000d\000e\000r\000\040\000C\000r\000e\000a\000t\000i\000o\000n\000\040\000w\000i\000t\000h\000\040\000V\000o\000u\000c\000h\000e\000r}{subsection.0.11.2}% 113
\BOOKMARK [3][-]{subsubsection.0.11.2.4}{\376\377\000F\000e\000a\000t\000u\000r\000e\000\040\0004\000:\000\040\000P\000r\000o\000d\000u\000c\000t\000\040\000R\000e\000v\000i\000e\000w\000\040\000a\000n\000d\000\040\000R\000a\000t\000i\000n\000g}{subsection.0.11.2}% 114
\BOOKMARK [3][-]{subsubsection.0.11.2.5}{\376\377\000F\000e\000a\000t\000u\000r\000e\000\040\0005\000:\000\040\000S\000h\000o\000p\000\040\000R\000e\000v\000e\000n\000u\000e\000\040\000A\000n\000a\000l\000y\000t\000i\000c\000s}{subsection.0.11.2}% 115
\BOOKMARK [1][-]{section.0.12}{\376\377\000R\000e\000f\000e\000r\000e\000n\000c\000e\000s\000\040\000a\000n\000d\000\040\000V\000i\000d\000e\000o\000\040\000D\000e\000m\000o\000n\000s\000t\000r\000a\000t\000i\000o\000n}{chapter*.3}% 116
\BOOKMARK [2][-]{subsection.0.12.1}{\376\377\000G\000i\000t\000H\000u\000b\000\040\000R\000e\000p\000o\000s\000i\000t\000o\000r\000y}{section.0.12}% 117
\BOOKMARK [2][-]{subsection.0.12.2}{\376\377\000V\000i\000d\000e\000o\000\040\000D\000e\000m\000o\000n\000s\000t\000r\000a\000t\000i\000o\000n}{section.0.12}% 118
\BOOKMARK [1][-]{section.0.13}{\376\377\000C\000o\000n\000c\000l\000u\000s\000i\000o\000n}{chapter*.3}% 119
\BOOKMARK [2][-]{subsection.0.13.1}{\376\377\000S\000u\000m\000m\000a\000r\000y}{section.0.13}% 120
\BOOKMARK [2][-]{subsection.0.13.2}{\376\377\000K\000e\000y\000\040\000F\000e\000a\000t\000u\000r\000e\000s}{section.0.13}% 121
